Archive member included to satisfy reference by file (symbol)

C:/devkitPro/devkitARM/arm-none-eabi/lib\libc.a(lib_a-memcpy-stub.o)
                              build/libctru/srv.o (memcpy)
C:/devkitPro/devkitARM/arm-none-eabi/lib\libc.a(lib_a-memset.o)
                              build/main.o (memset)
C:/devkitPro/devkitARM/arm-none-eabi/lib\libc.a(lib_a-strlen-stub.o)
                              build/libctru/srv.o (strlen)
C:/devkitPro/devkitARM/arm-none-eabi/lib\libc.a(lib_a-strncpy.o)
                              build/libctru/srv.o (strncpy)

Allocating common symbols
Common symbol       size              file

pmHandle            0x4               build/libctru/pm.o
back_value          0x1               build/exploits/brahma.o
g_ext_arm9_size     0x8               build/exploits/brahma.o
test_result         0x4               build/main.o
g_is_new3ds         0x1               build/main.o
bottomFramebufferInfo
                    0x1c              build/exploits/brahma.o
fb                  0xc               build/exploits/brahma.o
topFramebufferInfo  0x1c              build/exploits/brahma.o
g_ext_arm9_buf      0x4               build/exploits/brahma.o
g_srvHandle         0x4               build/libctru/fs.o

Memory Configuration

Name             Origin             Length             Attributes
RAMRO            0x00101000         0x0000c000         xr
RAMRW            0x08000000         0x00100000         rw !l
*default*        0x00000000         0xffffffff

Linker script and memory map


.text           0x00101000     0x24ec
 build/crt0.o(.init)
 .init          0x00101000       0x40 build/crt0.o
                0x00101000                _start
                0x0010103c                _init
 *(.text)
 .text          0x00101040        0x0 build/crt0.o
 .text          0x00101040      0x490 build/libctru/fs.o
                0x00101040                FSUSER_Initialize
                0x00101068                fsInit
                0x001010a4                FSUSER_OpenFile
                0x00101138                FSUSER_OpenFileDirectly
                0x001011ec                FSUSER_OpenArchive
                0x00101260                FSUSER_OpenDirectory
                0x001012dc                FSUSER_CloseArchive
                0x00101320                FSFILE_Close
                0x00101344                FSFILE_Read
                0x0010139c                FSFILE_Write
                0x001013fc                FSFILE_GetSize
                0x00101434                FSFILE_SetSize
                0x0010145c                FSDIR_Read
                0x001014ac                FSDIR_Close
 .text          0x001014d0      0x154 build/libctru/srvpm.o
                0x00101514                srvPmExit
                0x00101544                srvPmInit
                0x0010158c                SRVPM_PublishToProcess
                0x001015b4                SRVPM_PublishToAll
                0x001015d0                SRVPM_RegisterProcess
                0x00101608                SRVPM_UnregisterProcess
 .text          0x00101624      0x500 build/libctru/srv.o
                0x00101658                srvExit
                0x0010167c                srvRegisterClient
                0x001016a8                srvInit
                0x00101730                srvEnableNotification
                0x00101768                srvRegisterService
                0x001017d0                srvUnregisterService
                0x00101818                srvGetServiceHandleDirect
                0x00101880                srvGetServiceHandle
                0x00101894                srvRegisterPort
                0x001018ec                srvUnregisterPort
                0x00101934                srvGetPort
                0x0010199c                srvSubscribe
                0x001019c8                srvUnsubscribe
                0x001019f4                srvReceiveNotification
                0x00101a2c                srvPublishToSubscriber
                0x00101a5c                srvPublishAndGetSubscriber
                0x00101ab8                srvIsServiceRegistered
 .text          0x00101b24       0xac build/libctru/os.o
                0x00101b24                osConvertVirtToPhys
                0x00101b70                osConvertOldLINEARMemToNew
                0x00101b90                osGetMemRegionUsed
                0x00101bb0                osStrError
 .text          0x00101bd0      0x224 build/libctru/pm.o
                0x00101bd0                pmInit
                0x00101be4                pmExit
                0x00101bf4                PM_LaunchTitle
                0x00101c3c                PM_LaunchFIRMSetParams
                0x00101c80                PM_TerminateCurrentApplication
                0x00101cb4                PM_TerminateProcess
                0x00101cec                PM_GetFIRMLaunchParams
                0x00101d2c                PM_GetTitleExheaderFlags
                0x00101d84                PM_SetFIRMLaunchParams
                0x00101dc4                PM_UnregisterProcess
 .text          0x00101df4      0x2ac build/main.o
                0x00101df4                set_test_result
                0x00101e14                APT_GetLockHandle
                0x00101e54                APT_CheckNew3ds
                0x00101e90                hex2str
                0x00101ec0                renderString
                0x00101f04                centerString
                0x00101f30                drawHex
                0x00101f64                doGspwn
                0x00101f98                clearScreen
                0x00101fd0                errorScreen
                0x0010204c                drawTitleScreen
 .text          0x001020a0        0x0 build/font.o
 .text          0x001020a0      0x114 build/text.o
                0x001020a0                drawCharacter
                0x00102128                drawString
 .text          0x001021b4      0x238 build/gspgpu.o
                0x001021b4                GSP_ImportDisplayCaptureInfo
                0x00102204                GSP_GetScreenFBADR
                0x00102264                GSP_FlushDCache
                0x00102274                GSP_WriteHWRegs
                0x001022c0                GSP_ReadHWRegs
                0x0010230c                GSP_InvalidateDataCache
                0x00102354                GSP_ReleaseRight
                0x00102374                GSP_SetBufferSwap
 .text          0x001023ec      0x890 build/exploits/brahma.o
                0x001023ec                brahma_init
                0x00102420                brahma_exit
                0x00102428                redirect_codeflow
                0x0010243c                fill_firm_specific
                0x001028d4                get_exploit_data
                0x001028fc                setup_exploit_data
                0x0010294c                load_arm9_payload_offset
                0x00102a70                map_arm9_payload
                0x00102ab8                map_arm11_payload
                0x00102b20                exploit_arm9_race_condition
                0x00102bbc                priv_firm_reboot
                0x00102c18                firm_reboot
 .text          0x00102c7c      0x1dc build/exploits/rsa_exploit.o
                0x00102c7c                PS_VerifyRsaSha256_Exploit
 .text          0x00102e58      0x398 build/exploits/memchunkhax.o
                0x00102e58                k_read_kaddr
                0x00102e60                k_write_kaddr
                0x00102e6c                svc_7b
                0x00102eac                get_thread_page
                0x00102ecc                k_enable_all_svcs
                0x00102f10                read_kaddr
                0x00102f20                write_kaddr
                0x00102f34                gspwn
                0x00102f88                memchunkhax1_write_pair
                0x00103140                do_memchunkhax1
                0x00103170                unlock_services
 .text          0x001031f0       0xc4 build/exploits/exploit.o
                0x001031f0                escalateServicePrivileges
 *fill*         0x001032b4        0xc 
 .text          0x001032c0        0x0 build/libctru/svc.o
 .text          0x001032c0      0x1a4 build/bins/arm11.o
                0x001032c0                arm11_start
                0x00103458                arm11_end
                0x00103458                arm11_globals_start
                0x00103464                arm11_globals_end
 .text          0x00103464        0x0 build/bins/arm9.o
 *fill*         0x00103464        0xc 
 .text          0x00103470       0x7c build/utils.o
                0x00103470                svcConvertVAToPA
                0x001034b4                InvalidateEntireInstructionCache
                0x001034c0                CleanEntireDataCache
                0x001034cc                dsb
                0x001034d8                DisableInterrupts
                0x001034e4                EnableInterrupts
 .text          0x001034ec        0x0 C:/devkitPro/devkitARM/arm-none-eabi/lib\libc.a(lib_a-memcpy-stub.o)
 .text          0x001034ec        0x0 C:/devkitPro/devkitARM/arm-none-eabi/lib\libc.a(lib_a-memset.o)
 .text          0x001034ec        0x0 C:/devkitPro/devkitARM/arm-none-eabi/lib\libc.a(lib_a-strlen-stub.o)
 .text          0x001034ec        0x0 C:/devkitPro/devkitARM/arm-none-eabi/lib\libc.a(lib_a-strncpy.o)

.glue_7         0x001034ec        0x0
 .glue_7        0x001034ec        0x0 linker stubs

.glue_7t        0x001034ec        0x0
 .glue_7t       0x001034ec        0x0 linker stubs

.vfp11_veneer   0x001034ec        0x0
 .vfp11_veneer  0x001034ec        0x0 linker stubs

.v4_bx          0x001034ec        0x0
 .v4_bx         0x001034ec        0x0 linker stubs

.iplt           0x001034ec        0x0
 .iplt          0x001034ec        0x0 build/crt0.o

.text.startup   0x001034f0      0x360
 .text.startup  0x001034f0      0x360 build/main.o
                0x001034f0                main

.text.svcControlMemory
                0x00103850       0x20
 .text.svcControlMemory
                0x00103850       0x20 build/libctru/svc.o
                0x00103850                svcControlMemory

.text.svcQueryMemory
                0x00103870       0x30
 .text.svcQueryMemory
                0x00103870       0x30 build/libctru/svc.o
                0x00103870                svcQueryMemory

.text.svcExitProcess
                0x001038a0        0x8
 .text.svcExitProcess
                0x001038a0        0x8 build/libctru/svc.o
                0x001038a0                svcExitProcess

.text.svcGetProcessAffinityMask
                0x001038a8        0x8
 .text.svcGetProcessAffinityMask
                0x001038a8        0x8 build/libctru/svc.o
                0x001038a8                svcGetProcessAffinityMask

.text.svcSetProcessAffinityMask
                0x001038b0        0x8
 .text.svcSetProcessAffinityMask
                0x001038b0        0x8 build/libctru/svc.o
                0x001038b0                svcSetProcessAffinityMask

.text.svcGetProcessIdealProcessor
                0x001038b8       0x14
 .text.svcGetProcessIdealProcessor
                0x001038b8       0x14 build/libctru/svc.o
                0x001038b8                svcGetProcessIdealProcessor

.text.svcSetProcessIdealProcessor
                0x001038cc        0x8
 .text.svcSetProcessIdealProcessor
                0x001038cc        0x8 build/libctru/svc.o
                0x001038cc                svcSetProcessIdealProcessor

.text.svcCreateThread
                0x001038d4       0x20
 .text.svcCreateThread
                0x001038d4       0x20 build/libctru/svc.o
                0x001038d4                svcCreateThread

.text.svcExitThread
                0x001038f4        0x8
 .text.svcExitThread
                0x001038f4        0x8 build/libctru/svc.o
                0x001038f4                svcExitThread

.text.svcSleepThread
                0x001038fc        0x8
 .text.svcSleepThread
                0x001038fc        0x8 build/libctru/svc.o
                0x001038fc                svcSleepThread

.text.svcGetThreadPriority
                0x00103904       0x14
 .text.svcGetThreadPriority
                0x00103904       0x14 build/libctru/svc.o
                0x00103904                svcGetThreadPriority

.text.svcSetThreadPriority
                0x00103918        0x8
 .text.svcSetThreadPriority
                0x00103918        0x8 build/libctru/svc.o
                0x00103918                svcSetThreadPriority

.text.svcGetThreadAffinityMask
                0x00103920        0x8
 .text.svcGetThreadAffinityMask
                0x00103920        0x8 build/libctru/svc.o
                0x00103920                svcGetThreadAffinityMask

.text.svcSetThreadAffinityMask
                0x00103928        0x8
 .text.svcSetThreadAffinityMask
                0x00103928        0x8 build/libctru/svc.o
                0x00103928                svcSetThreadAffinityMask

.text.svcGetThreadIdealProcessor
                0x00103930       0x14
 .text.svcGetThreadIdealProcessor
                0x00103930       0x14 build/libctru/svc.o
                0x00103930                svcGetThreadIdealProcessor

.text.svcSetThreadIdealProcessor
                0x00103944        0x8
 .text.svcSetThreadIdealProcessor
                0x00103944        0x8 build/libctru/svc.o
                0x00103944                svcSetThreadIdealProcessor

.text.svcGetProcessorID
                0x0010394c        0x8
 .text.svcGetProcessorID
                0x0010394c        0x8 build/libctru/svc.o
                0x0010394c                svcGetProcessorID

.text.svcRun    0x00103954       0x24
 .text.svcRun   0x00103954       0x24 build/libctru/svc.o
                0x00103954                svcRun

.text.svcCreateMutex
                0x00103978       0x14
 .text.svcCreateMutex
                0x00103978       0x14 build/libctru/svc.o
                0x00103978                svcCreateMutex

.text.svcReleaseMutex
                0x0010398c        0x8
 .text.svcReleaseMutex
                0x0010398c        0x8 build/libctru/svc.o
                0x0010398c                svcReleaseMutex

.text.svcCreateSemaphore
                0x00103994       0x14
 .text.svcCreateSemaphore
                0x00103994       0x14 build/libctru/svc.o
                0x00103994                svcCreateSemaphore

.text.svcReleaseSemaphore
                0x001039a8       0x14
 .text.svcReleaseSemaphore
                0x001039a8       0x14 build/libctru/svc.o
                0x001039a8                svcReleaseSemaphore

.text.svcCreateEvent
                0x001039bc       0x14
 .text.svcCreateEvent
                0x001039bc       0x14 build/libctru/svc.o
                0x001039bc                svcCreateEvent

.text.svcSignalEvent
                0x001039d0        0x8
 .text.svcSignalEvent
                0x001039d0        0x8 build/libctru/svc.o
                0x001039d0                svcSignalEvent

.text.svcClearEvent
                0x001039d8        0x8
 .text.svcClearEvent
                0x001039d8        0x8 build/libctru/svc.o
                0x001039d8                svcClearEvent

.text.svcCreateTimer
                0x001039e0       0x14
 .text.svcCreateTimer
                0x001039e0       0x14 build/libctru/svc.o
                0x001039e0                svcCreateTimer

.text.svcSetTimer
                0x001039f4       0x18
 .text.svcSetTimer
                0x001039f4       0x18 build/libctru/svc.o
                0x001039f4                svcSetTimer

.text.svcCancelTimer
                0x00103a0c        0x8
 .text.svcCancelTimer
                0x00103a0c        0x8 build/libctru/svc.o
                0x00103a0c                svcCancelTimer

.text.svcClearTimer
                0x00103a14        0x8
 .text.svcClearTimer
                0x00103a14        0x8 build/libctru/svc.o
                0x00103a14                svcClearTimer

.text.svcCreateMemoryBlock
                0x00103a1c       0x18
 .text.svcCreateMemoryBlock
                0x00103a1c       0x18 build/libctru/svc.o
                0x00103a1c                svcCreateMemoryBlock

.text.svcMapMemoryBlock
                0x00103a34        0x8
 .text.svcMapMemoryBlock
                0x00103a34        0x8 build/libctru/svc.o
                0x00103a34                svcMapMemoryBlock

.text.svcUnmapMemoryBlock
                0x00103a3c        0x8
 .text.svcUnmapMemoryBlock
                0x00103a3c        0x8 build/libctru/svc.o
                0x00103a3c                svcUnmapMemoryBlock

.text.svcCreateAddressArbiter
                0x00103a44       0x14
 .text.svcCreateAddressArbiter
                0x00103a44       0x14 build/libctru/svc.o
                0x00103a44                svcCreateAddressArbiter

.text.svcArbitrateAddress
                0x00103a58       0x18
 .text.svcArbitrateAddress
                0x00103a58       0x18 build/libctru/svc.o
                0x00103a58                svcArbitrateAddress

.text.svcCloseHandle
                0x00103a70        0x8
 .text.svcCloseHandle
                0x00103a70        0x8 build/libctru/svc.o
                0x00103a70                svcCloseHandle

.text.svcWaitSynchronization
                0x00103a78        0x8
 .text.svcWaitSynchronization
                0x00103a78        0x8 build/libctru/svc.o
                0x00103a78                svcWaitSynchronization

.text.svcWaitSynchronizationN
                0x00103a80       0x28
 .text.svcWaitSynchronizationN
                0x00103a80       0x28 build/libctru/svc.o
                0x00103a80                svcWaitSynchronizationN

.text.svcDuplicateHandle
                0x00103aa8       0x14
 .text.svcDuplicateHandle
                0x00103aa8       0x14 build/libctru/svc.o
                0x00103aa8                svcDuplicateHandle

.text.svcGetSystemTick
                0x00103abc        0x8
 .text.svcGetSystemTick
                0x00103abc        0x8 build/libctru/svc.o
                0x00103abc                svcGetSystemTick

.text.svcGetHandleInfo
                0x00103ac4       0x18
 .text.svcGetHandleInfo
                0x00103ac4       0x18 build/libctru/svc.o
                0x00103ac4                svcGetHandleInfo

.text.svcGetSystemInfo
                0x00103adc       0x18
 .text.svcGetSystemInfo
                0x00103adc       0x18 build/libctru/svc.o
                0x00103adc                svcGetSystemInfo

.text.svcGetProcessInfo
                0x00103af4       0x18
 .text.svcGetProcessInfo
                0x00103af4       0x18 build/libctru/svc.o
                0x00103af4                svcGetProcessInfo

.text.svcGetThreadInfo
                0x00103b0c       0x18
 .text.svcGetThreadInfo
                0x00103b0c       0x18 build/libctru/svc.o
                0x00103b0c                svcGetThreadInfo

.text.svcConnectToPort
                0x00103b24       0x14
 .text.svcConnectToPort
                0x00103b24       0x14 build/libctru/svc.o
                0x00103b24                svcConnectToPort

.text.svcSendSyncRequest
                0x00103b38        0x8
 .text.svcSendSyncRequest
                0x00103b38        0x8 build/libctru/svc.o
                0x00103b38                svcSendSyncRequest

.text.svcOpenProcess
                0x00103b40       0x14
 .text.svcOpenProcess
                0x00103b40       0x14 build/libctru/svc.o
                0x00103b40                svcOpenProcess

.text.svcOpenThread
                0x00103b54       0x14
 .text.svcOpenThread
                0x00103b54       0x14 build/libctru/svc.o
                0x00103b54                svcOpenThread

.text.svcGetProcessId
                0x00103b68       0x14
 .text.svcGetProcessId
                0x00103b68       0x14 build/libctru/svc.o
                0x00103b68                svcGetProcessId

.text.svcGetProcessIdOfThread
                0x00103b7c       0x14
 .text.svcGetProcessIdOfThread
                0x00103b7c       0x14 build/libctru/svc.o
                0x00103b7c                svcGetProcessIdOfThread

.text.svcGetThreadId
                0x00103b90       0x14
 .text.svcGetThreadId
                0x00103b90       0x14 build/libctru/svc.o
                0x00103b90                svcGetThreadId

.text.svcGetResourceLimit
                0x00103ba4       0x14
 .text.svcGetResourceLimit
                0x00103ba4       0x14 build/libctru/svc.o
                0x00103ba4                svcGetResourceLimit

.text.svcGetResourceLimitLimitValues
                0x00103bb8        0x8
 .text.svcGetResourceLimitLimitValues
                0x00103bb8        0x8 build/libctru/svc.o
                0x00103bb8                svcGetResourceLimitLimitValues

.text.svcGetResourceLimitCurrentValues
                0x00103bc0        0x8
 .text.svcGetResourceLimitCurrentValues
                0x00103bc0        0x8 build/libctru/svc.o
                0x00103bc0                svcGetResourceLimitCurrentValues

.text.svcBreak  0x00103bc8        0x8
 .text.svcBreak
                0x00103bc8        0x8 build/libctru/svc.o
                0x00103bc8                svcBreak

.text.svcOutputDebugString
                0x00103bd0        0x8
 .text.svcOutputDebugString
                0x00103bd0        0x8 build/libctru/svc.o
                0x00103bd0                svcOutputDebugString

.text.svcCreatePort
                0x00103bd8       0x20
 .text.svcCreatePort
                0x00103bd8       0x20 build/libctru/svc.o
                0x00103bd8                svcCreatePort

.text.svcCreateSessionToPort
                0x00103bf8       0x14
 .text.svcCreateSessionToPort
                0x00103bf8       0x14 build/libctru/svc.o
                0x00103bf8                svcCreateSessionToPort

.text.svcCreateSession
                0x00103c0c       0x20
 .text.svcCreateSession
                0x00103c0c       0x20 build/libctru/svc.o
                0x00103c0c                svcCreateSession

.text.svcAcceptSession
                0x00103c2c       0x18
 .text.svcAcceptSession
                0x00103c2c       0x18 build/libctru/svc.o
                0x00103c2c                svcAcceptSession

.text.svcReplyAndReceive
                0x00103c44       0x18
 .text.svcReplyAndReceive
                0x00103c44       0x18 build/libctru/svc.o
                0x00103c44                svcReplyAndReceive

.text.svcBindInterrupt
                0x00103c5c        0x8
 .text.svcBindInterrupt
                0x00103c5c        0x8 build/libctru/svc.o
                0x00103c5c                svcBindInterrupt

.text.svcUnbindInterrupt
                0x00103c64        0x8
 .text.svcUnbindInterrupt
                0x00103c64        0x8 build/libctru/svc.o
                0x00103c64                svcUnbindInterrupt

.text.svcInvalidateProcessDataCache
                0x00103c6c        0x8
 .text.svcInvalidateProcessDataCache
                0x00103c6c        0x8 build/libctru/svc.o
                0x00103c6c                svcInvalidateProcessDataCache

.text.svcStoreProcessDataCache
                0x00103c74        0x8
 .text.svcStoreProcessDataCache
                0x00103c74        0x8 build/libctru/svc.o
                0x00103c74                svcStoreProcessDataCache

.text.svcFlushProcessDataCache
                0x00103c7c        0x8
 .text.svcFlushProcessDataCache
                0x00103c7c        0x8 build/libctru/svc.o
                0x00103c7c                svcFlushProcessDataCache

.text.svcStartInterProcessDma
                0x00103c84       0x20
 .text.svcStartInterProcessDma
                0x00103c84       0x20 build/libctru/svc.o
                0x00103c84                svcStartInterProcessDma

.text.svcStopDma
                0x00103ca4        0x8
 .text.svcStopDma
                0x00103ca4        0x8 build/libctru/svc.o
                0x00103ca4                svcStopDma

.text.svcGetDmaState
                0x00103cac       0x14
 .text.svcGetDmaState
                0x00103cac       0x14 build/libctru/svc.o
                0x00103cac                svcGetDmaState

.text.svcSetGpuProt
                0x00103cc0        0x8
 .text.svcSetGpuProt
                0x00103cc0        0x8 build/libctru/svc.o
                0x00103cc0                svcSetGpuProt

.text.svcSetWifiEnabled
                0x00103cc8        0x8
 .text.svcSetWifiEnabled
                0x00103cc8        0x8 build/libctru/svc.o
                0x00103cc8                svcSetWifiEnabled

.text.svcDebugActiveProcess
                0x00103cd0       0x14
 .text.svcDebugActiveProcess
                0x00103cd0       0x14 build/libctru/svc.o
                0x00103cd0                svcDebugActiveProcess

.text.svcBreakDebugProcess
                0x00103ce4        0x8
 .text.svcBreakDebugProcess
                0x00103ce4        0x8 build/libctru/svc.o
                0x00103ce4                svcBreakDebugProcess

.text.svcTerminateDebugProcess
                0x00103cec        0x8
 .text.svcTerminateDebugProcess
                0x00103cec        0x8 build/libctru/svc.o
                0x00103cec                svcTerminateDebugProcess

.text.svcGetProcessDebugEvent
                0x00103cf4        0x8
 .text.svcGetProcessDebugEvent
                0x00103cf4        0x8 build/libctru/svc.o
                0x00103cf4                svcGetProcessDebugEvent

.text.svcContinueDebugEvent
                0x00103cfc        0x8
 .text.svcContinueDebugEvent
                0x00103cfc        0x8 build/libctru/svc.o
                0x00103cfc                svcContinueDebugEvent

.text.svcGetProcessList
                0x00103d04       0x14
 .text.svcGetProcessList
                0x00103d04       0x14 build/libctru/svc.o
                0x00103d04                svcGetProcessList

.text.svcGetThreadList
                0x00103d18       0x14
 .text.svcGetThreadList
                0x00103d18       0x14 build/libctru/svc.o
                0x00103d18                svcGetThreadList

.text.svcGetDebugThreadContext
                0x00103d2c        0x8
 .text.svcGetDebugThreadContext
                0x00103d2c        0x8 build/libctru/svc.o
                0x00103d2c                svcGetDebugThreadContext

.text.svcSetDebugThreadContext
                0x00103d34        0x8
 .text.svcSetDebugThreadContext
                0x00103d34        0x8 build/libctru/svc.o
                0x00103d34                svcSetDebugThreadContext

.text.svcQueryDebugProcessMemory
                0x00103d3c       0x24
 .text.svcQueryDebugProcessMemory
                0x00103d3c       0x24 build/libctru/svc.o
                0x00103d3c                svcQueryDebugProcessMemory

.text.svcReadProcessMemory
                0x00103d60        0x8
 .text.svcReadProcessMemory
                0x00103d60        0x8 build/libctru/svc.o
                0x00103d60                svcReadProcessMemory

.text.svcWriteProcessMemory
                0x00103d68        0x8
 .text.svcWriteProcessMemory
                0x00103d68        0x8 build/libctru/svc.o
                0x00103d68                svcWriteProcessMemory

.text.svcSetHardwareBreakPoint
                0x00103d70        0x8
 .text.svcSetHardwareBreakPoint
                0x00103d70        0x8 build/libctru/svc.o
                0x00103d70                svcSetHardwareBreakPoint

.text.svcGetDebugThreadParam
                0x00103d78       0x20
 .text.svcGetDebugThreadParam
                0x00103d78       0x20 build/libctru/svc.o
                0x00103d78                svcGetDebugThreadParam

.text.svcControlProcessMemory
                0x00103d98       0x18
 .text.svcControlProcessMemory
                0x00103d98       0x18 build/libctru/svc.o
                0x00103d98                svcControlProcessMemory

.text.svcMapProcessMemory
                0x00103db0        0x8
 .text.svcMapProcessMemory
                0x00103db0        0x8 build/libctru/svc.o
                0x00103db0                svcMapProcessMemory

.text.svcUnmapProcessMemory
                0x00103db8        0x8
 .text.svcUnmapProcessMemory
                0x00103db8        0x8 build/libctru/svc.o
                0x00103db8                svcUnmapProcessMemory

.text.svcCreateCodeSet
                0x00103dc0       0x1c
 .text.svcCreateCodeSet
                0x00103dc0       0x1c build/libctru/svc.o
                0x00103dc0                svcCreateCodeSet

.text.svcCreateProcess
                0x00103ddc       0x18
 .text.svcCreateProcess
                0x00103ddc       0x18 build/libctru/svc.o
                0x00103ddc                svcCreateProcess

.text.svcTerminateProcess
                0x00103df4        0x8
 .text.svcTerminateProcess
                0x00103df4        0x8 build/libctru/svc.o
                0x00103df4                svcTerminateProcess

.text.svcSetProcessResourceLimits
                0x00103dfc        0x8
 .text.svcSetProcessResourceLimits
                0x00103dfc        0x8 build/libctru/svc.o
                0x00103dfc                svcSetProcessResourceLimits

.text.svcCreateResourceLimits
                0x00103e04       0x14
 .text.svcCreateResourceLimits
                0x00103e04       0x14 build/libctru/svc.o
                0x00103e04                svcCreateResourceLimits

.text.svcSetResourceLimitValues
                0x00103e18        0x8
 .text.svcSetResourceLimitValues
                0x00103e18        0x8 build/libctru/svc.o
                0x00103e18                svcSetResourceLimitValues

.text.svcBackdoor
                0x00103e20        0x8
 .text.svcBackdoor
                0x00103e20        0x8 build/libctru/svc.o
                0x00103e20                svcBackdoor

.text.svcKernelSetState
                0x00103e28        0x8
 .text.svcKernelSetState
                0x00103e28        0x8 build/libctru/svc.o
                0x00103e28                svcKernelSetState

.text.svcQueryProcessMemory
                0x00103e30       0x24
 .text.svcQueryProcessMemory
                0x00103e30       0x24 build/libctru/svc.o
                0x00103e30                svcQueryProcessMemory

.text.getArm9Payload
                0x00103e54       0x1c
 .text.getArm9Payload
                0x00103e54       0x1c build/bins/arm9.o
                0x00103e54                getArm9Payload

.text.memcpy    0x00103e70      0x110
 .text.memcpy   0x00103e70      0x110 C:/devkitPro/devkitARM/arm-none-eabi/lib\libc.a(lib_a-memcpy-stub.o)
                0x00103e70                memcpy

.text.memset    0x00103f80      0x114
 .text.memset   0x00103f80      0x114 C:/devkitPro/devkitARM/arm-none-eabi/lib\libc.a(lib_a-memset.o)
                0x00103f80                memset

.text.strlen    0x00104094       0x60
 .text.strlen   0x00104094       0x60 C:/devkitPro/devkitARM/arm-none-eabi/lib\libc.a(lib_a-strlen-stub.o)
                0x00104094                strlen

.text.strncpy   0x001040f4       0xe0
 .text.strncpy  0x001040f4       0xe0 C:/devkitPro/devkitARM/arm-none-eabi/lib\libc.a(lib_a-strncpy.o)
                0x001040f4                strncpy

.rodata         0x001041d4     0x1dcc
 *(.rodata)
 .rodata        0x001041d4       0x2c build/libctru/os.o
 .rodata        0x00104200       0x1c build/main.o
                0x00104200                hexTable
                0x00104210                aptServiceNames
 .rodata        0x0010421c      0x2f4 build/font.o
                0x0010421c                font_bin
 .rodata        0x00104510       0x10 build/exploits/exploit.o
 *(.roda)
 *(.rodata.*)
 .rodata.str1.1
                0x00104520        0x8 build/libctru/fs.o
 .rodata.str1.1
                0x00104528        0x7 build/libctru/srvpm.o
 .rodata.str1.1
                0x0010452f        0x5 build/libctru/srv.o
 .rodata.str1.1
                0x00104534       0xad build/libctru/os.o
 .rodata.str1.1
                0x001045e1        0x7 build/libctru/pm.o
 .rodata.str1.1
                0x001045e8      0x10e build/main.o
                                0x10f (size before relaxing)
 .rodata.str1.1
                0x001046f6        0x1 build/exploits/brahma.o
 *fill*         0x001046f6        0xa 
 .rodata.arm9Payload
                0x00104700     0x18a0 build/bins/arm9.o
 *all.rodata*(*)
 *(.gnu.linkonce.r*)
                0x00105fa0                . = ALIGN (0x4)

.rel.dyn        0x001041d4        0x0 load address 0x00105fa0
 .rel.iplt      0x001041d4        0x0 build/crt0.o

.data           0x00105fa0        0x0
 .data          0x00105fa0        0x0 build/crt0.o
 .data          0x00105fa0        0x0 build/libctru/fs.o
 .data          0x00105fa0        0x0 build/libctru/srvpm.o
 .data          0x00105fa0        0x0 build/libctru/srv.o
 .data          0x00105fa0        0x0 build/libctru/os.o
 .data          0x00105fa0        0x0 build/libctru/pm.o
 .data          0x00105fa0        0x0 build/main.o
 .data          0x00105fa0        0x0 build/font.o
 .data          0x00105fa0        0x0 build/text.o
 .data          0x00105fa0        0x0 build/gspgpu.o
 .data          0x00105fa0        0x0 build/exploits/brahma.o
 .data          0x00105fa0        0x0 build/exploits/rsa_exploit.o
 .data          0x00105fa0        0x0 build/exploits/memchunkhax.o
 .data          0x00105fa0        0x0 build/exploits/exploit.o
 .data          0x00105fa0        0x0 build/libctru/svc.o
 .data          0x00105fa0        0x0 build/bins/arm11.o
 .data          0x00105fa0        0x0 build/bins/arm9.o
 .data          0x00105fa0        0x0 build/utils.o
 .data          0x00105fa0        0x0 C:/devkitPro/devkitARM/arm-none-eabi/lib\libc.a(lib_a-memcpy-stub.o)
 .data          0x00105fa0        0x0 C:/devkitPro/devkitARM/arm-none-eabi/lib\libc.a(lib_a-memset.o)
 .data          0x00105fa0        0x0 C:/devkitPro/devkitARM/arm-none-eabi/lib\libc.a(lib_a-strlen-stub.o)
 .data          0x00105fa0        0x0 C:/devkitPro/devkitARM/arm-none-eabi/lib\libc.a(lib_a-strncpy.o)

.igot.plt       0x00105fa0        0x0
 .igot.plt      0x00105fa0        0x0 build/crt0.o

.bss            0x08000000       0xa8
                0x08000000                _bss_start = .
 *(.bss)
 .bss           0x08000000        0x0 build/crt0.o
 .bss           0x08000000        0x0 build/libctru/fs.o
 .bss           0x08000000        0x0 build/libctru/srvpm.o
 .bss           0x08000000        0x0 build/libctru/srv.o
 .bss           0x08000000        0x0 build/libctru/os.o
 .bss           0x08000000        0x0 build/libctru/pm.o
 .bss           0x08000000        0x0 build/main.o
 .bss           0x08000000        0x0 build/font.o
 .bss           0x08000000        0x0 build/text.o
 .bss           0x08000000        0x0 build/gspgpu.o
 .bss           0x08000000       0x3c build/exploits/brahma.o
 .bss           0x0800003c        0x0 build/exploits/rsa_exploit.o
 .bss           0x0800003c        0x0 build/exploits/memchunkhax.o
 .bss           0x0800003c        0x0 build/exploits/exploit.o
 .bss           0x0800003c        0x0 build/libctru/svc.o
 .bss           0x0800003c        0x0 build/bins/arm11.o
 .bss           0x0800003c        0x0 build/bins/arm9.o
 .bss           0x0800003c        0x0 build/utils.o
 .bss           0x0800003c        0x0 C:/devkitPro/devkitARM/arm-none-eabi/lib\libc.a(lib_a-memcpy-stub.o)
 .bss           0x0800003c        0x0 C:/devkitPro/devkitARM/arm-none-eabi/lib\libc.a(lib_a-memset.o)
 .bss           0x0800003c        0x0 C:/devkitPro/devkitARM/arm-none-eabi/lib\libc.a(lib_a-strlen-stub.o)
 .bss           0x0800003c        0x0 C:/devkitPro/devkitARM/arm-none-eabi/lib\libc.a(lib_a-strncpy.o)
 COMMON         0x0800003c        0x4 build/libctru/fs.o
                0x0800003c                g_srvHandle
 COMMON         0x08000040        0x4 build/libctru/pm.o
                0x08000040                pmHandle
 COMMON         0x08000044        0x5 build/main.o
                0x08000044                test_result
                0x08000048                g_is_new3ds
 *fill*         0x08000049        0x7 
 COMMON         0x08000050       0x58 build/exploits/brahma.o
                0x08000050                back_value
                0x08000058                g_ext_arm9_size
                0x08000060                bottomFramebufferInfo
                0x0800007c                fb
                0x08000088                topFramebufferInfo
                0x080000a4                g_ext_arm9_buf
                0x080000a8                _bss_end = .
LOAD build/libctru/fs.o
LOAD build/libctru/srvpm.o
LOAD build/libctru/srv.o
LOAD build/libctru/os.o
LOAD build/libctru/pm.o
LOAD build/main.o
LOAD build/font.o
LOAD build/text.o
LOAD build/gspgpu.o
LOAD build/exploits/brahma.o
LOAD build/exploits/rsa_exploit.o
LOAD build/exploits/memchunkhax.o
LOAD build/exploits/exploit.o
LOAD build/libctru/svc.o
LOAD build/bins/arm11.o
LOAD build/bins/arm9.o
LOAD build/utils.o
LOAD C:/devkitPro/devkitARM/arm-none-eabi/lib\libm.a
LOAD C:/devkitPro/devkitARM/arm-none-eabi/lib\libc.a
OUTPUT(otherapp.elf elf32-littlearm)

.ARM.attributes
                0x00000000       0x27
 .ARM.attributes
                0x00000000       0x19 build/crt0.o
 .ARM.attributes
                0x00000019       0x2b build/libctru/fs.o
 .ARM.attributes
                0x00000044       0x2b build/libctru/srvpm.o
 .ARM.attributes
                0x0000006f       0x2b build/libctru/srv.o
 .ARM.attributes
                0x0000009a       0x2b build/libctru/os.o
 .ARM.attributes
                0x000000c5       0x2b build/libctru/pm.o
 .ARM.attributes
                0x000000f0       0x2b build/main.o
 .ARM.attributes
                0x0000011b       0x2b build/font.o
 .ARM.attributes
                0x00000146       0x2b build/text.o
 .ARM.attributes
                0x00000171       0x2b build/gspgpu.o
 .ARM.attributes
                0x0000019c       0x2b build/exploits/brahma.o
 .ARM.attributes
                0x000001c7       0x2b build/exploits/rsa_exploit.o
 .ARM.attributes
                0x000001f2       0x2b build/exploits/memchunkhax.o
 .ARM.attributes
                0x0000021d       0x2b build/exploits/exploit.o
 .ARM.attributes
                0x00000248       0x19 build/libctru/svc.o
 .ARM.attributes
                0x00000261       0x19 build/bins/arm11.o
 .ARM.attributes
                0x0000027a       0x19 build/bins/arm9.o
 .ARM.attributes
                0x00000293       0x19 build/utils.o
 .ARM.attributes
                0x000002ac       0x30 C:/devkitPro/devkitARM/arm-none-eabi/lib\libc.a(lib_a-memcpy-stub.o)
 .ARM.attributes
                0x000002dc       0x30 C:/devkitPro/devkitARM/arm-none-eabi/lib\libc.a(lib_a-memset.o)
 .ARM.attributes
                0x0000030c       0x30 C:/devkitPro/devkitARM/arm-none-eabi/lib\libc.a(lib_a-strlen-stub.o)
 .ARM.attributes
                0x0000033c       0x30 C:/devkitPro/devkitARM/arm-none-eabi/lib\libc.a(lib_a-strncpy.o)

.comment        0x00000000       0x22
 .comment       0x00000000       0x22 build/libctru/fs.o
                                 0x23 (size before relaxing)
 .comment       0x00000022       0x23 build/libctru/srvpm.o
 .comment       0x00000022       0x23 build/libctru/srv.o
 .comment       0x00000022       0x23 build/libctru/os.o
 .comment       0x00000022       0x23 build/libctru/pm.o
 .comment       0x00000022       0x23 build/main.o
 .comment       0x00000022       0x23 build/font.o
 .comment       0x00000022       0x23 build/text.o
 .comment       0x00000022       0x23 build/gspgpu.o
 .comment       0x00000022       0x23 build/exploits/brahma.o
 .comment       0x00000022       0x23 build/exploits/rsa_exploit.o
 .comment       0x00000022       0x23 build/exploits/memchunkhax.o
 .comment       0x00000022       0x23 build/exploits/exploit.o
 .comment       0x00000022       0x23 C:/devkitPro/devkitARM/arm-none-eabi/lib\libc.a(lib_a-memcpy-stub.o)
 .comment       0x00000022       0x23 C:/devkitPro/devkitARM/arm-none-eabi/lib\libc.a(lib_a-memset.o)
 .comment       0x00000022       0x23 C:/devkitPro/devkitARM/arm-none-eabi/lib\libc.a(lib_a-strlen-stub.o)
 .comment       0x00000022       0x23 C:/devkitPro/devkitARM/arm-none-eabi/lib\libc.a(lib_a-strncpy.o)
