Archive member included to satisfy reference by file (symbol)

C:/devkitPro/devkitARM/arm-none-eabi/lib\libc.a(lib_a-memcpy-stub.o)
                              build/libctru/srv.o (memcpy)
C:/devkitPro/devkitARM/arm-none-eabi/lib\libc.a(lib_a-memset.o)
                              build/brahma.o (memset)
C:/devkitPro/devkitARM/arm-none-eabi/lib\libc.a(lib_a-strcpy.o)
                              build/libctru/srv.o (strcpy)
C:/devkitPro/devkitARM/arm-none-eabi/lib\libc.a(lib_a-strlen-stub.o)
                              build/libctru/srv.o (strlen)
C:/devkitPro/devkitARM/arm-none-eabi/lib\libc.a(lib_a-strncpy.o)
                              build/libctru/srv.o (strncpy)

Allocating common symbols
Common symbol       size              file

pmHandle            0x4               build/libctru/pm.o
back_value          0x1               build/brahma.o
g_ext_arm9_size     0x8               build/brahma.o
test_result         0x4               build/main.o
g_is_new3ds         0x1               build/main.o
bottomFramebufferInfo
                    0x1c              build/brahma.o
fb                  0xc               build/brahma.o
srvHandle           0x4               build/libctru/srv.o
topFramebufferInfo  0x1c              build/brahma.o
g_ext_arm9_buf      0x4               build/brahma.o

Memory Configuration

Name             Origin             Length             Attributes
RAMRO            0x00101000         0x0000c000         xr
RAMRW            0x08000000         0x00100000         rw !l
*default*        0x00000000         0xffffffff

Linker script and memory map


.text           0x00101000     0x2054
 build/crt0.o(.init)
 .init          0x00101000       0x40 build/crt0.o
                0x00101000                _start
                0x0010103c                _init
 *(.text)
 .text          0x00101040        0x0 build/crt0.o
 .text          0x00101040      0x490 build/libctru/fs.o
                0x00101040                FSUSER_Initialize
                0x00101068                fsInit
                0x001010a4                FSUSER_OpenFile
                0x00101138                FSUSER_OpenFileDirectly
                0x001011ec                FSUSER_OpenArchive
                0x00101260                FSUSER_OpenDirectory
                0x001012dc                FSUSER_CloseArchive
                0x00101320                FSFILE_Close
                0x00101344                FSFILE_Read
                0x0010139c                FSFILE_Write
                0x001013fc                FSFILE_GetSize
                0x00101434                FSFILE_SetSize
                0x0010145c                FSDIR_Read
                0x001014ac                FSDIR_Close
 .text          0x001014d0      0x580 build/libctru/srv.o
                0x001014d0                srvExit
                0x001014fc                srvGetSessionHandle
                0x00101508                srvRegisterClient
                0x0010153c                srvInit
                0x00101574                srvEnableNotification
                0x001015b4                srvRegisterService
                0x00101618                srvUnregisterService
                0x00101664                srvGetServiceHandleDirect
                0x001016cc                srvGetServiceHandle
                0x001016d0                srvRegisterPort
                0x00101730                srvUnregisterPort
                0x00101780                srvGetPort
                0x001017e8                srvWaitForPortRegistered
                0x00101840                srvSubscribe
                0x00101874                srvUnsubscribe
                0x001018a8                srvReceiveNotification
                0x001018e8                srvPublishToSubscriber
                0x0010191c                srvPublishAndGetSubscriber
                0x00101984                srvIsServiceRegistered
                0x001019f0                srvIsPortRegistered
 .text          0x00101a50       0xac build/libctru/os.o
                0x00101a50                osConvertVirtToPhys
                0x00101a9c                osConvertOldLINEARMemToNew
                0x00101abc                osGetMemRegionUsed
                0x00101adc                osStrError
 .text          0x00101afc      0x224 build/libctru/pm.o
                0x00101afc                pmInit
                0x00101b10                pmExit
                0x00101b20                PM_LaunchTitle
                0x00101b68                PM_LaunchFIRMSetParams
                0x00101bac                PM_TerminateCurrentApplication
                0x00101be0                PM_TerminateProcess
                0x00101c18                PM_GetFIRMLaunchParams
                0x00101c58                PM_GetTitleExheaderFlags
                0x00101cb0                PM_SetFIRMLaunchParams
                0x00101cf0                PM_UnregisterProcess
 .text          0x00101d20      0x7cc build/brahma.o
                0x00101d20                brahma_init
                0x00101d54                brahma_exit
                0x00101d5c                redirect_codeflow
                0x00101d70                fill_firm_specific
                0x00102144                get_exploit_data
                0x0010216c                setup_exploit_data
                0x001021bc                load_arm9_payload_offset
                0x001022e0                map_arm9_payload
                0x00102328                map_arm11_payload
                0x00102390                exploit_arm9_race_condition
                0x0010242c                priv_firm_reboot
                0x00102488                firm_reboot
 .text          0x001024ec      0x2ac build/main.o
                0x001024ec                set_test_result
                0x0010250c                APT_GetLockHandle
                0x0010254c                APT_CheckNew3ds
                0x00102588                hex2str
                0x001025b8                renderString
                0x001025fc                centerString
                0x00102628                drawHex
                0x0010265c                doGspwn
                0x00102690                clearScreen
                0x001026c8                errorScreen
                0x00102744                drawTitleScreen
 .text          0x00102798        0x0 build/font.o
 .text          0x00102798      0x114 build/text.o
                0x00102798                drawCharacter
                0x00102820                drawString
 *fill*         0x001028ac        0x4 
 .text          0x001028b0      0x388 build/memchunkhax.o
                0x001028b0                k_read_kaddr
                0x001028b8                k_write_kaddr
                0x001028c4                svc_7b
                0x00102904                get_thread_page
                0x00102924                k_enable_all_svcs
                0x00102968                read_kaddr
                0x00102978                write_kaddr
                0x0010298c                gspwn
                0x001029e0                memchunkhax1_write_pair
                0x00102b98                do_memchunkhax1
                0x00102bc8                unlock_services
 .text          0x00102c38      0x238 build/gspgpu.o
                0x00102c38                GSP_ImportDisplayCaptureInfo
                0x00102c88                GSP_GetScreenFBADR
                0x00102ce8                GSP_FlushDCache
                0x00102cf8                GSP_WriteHWRegs
                0x00102d44                GSP_ReadHWRegs
                0x00102d90                GSP_InvalidateDataCache
                0x00102dd8                GSP_ReleaseRight
                0x00102df8                GSP_SetBufferSwap
 .text          0x00102e70        0x0 build/libctru/svc.o
 .text          0x00102e70       0x38 build/utils.o
                0x00102e70                InvalidateEntireInstructionCache
                0x00102e7c                CleanEntireDataCache
                0x00102e88                dsb
                0x00102e94                DisableInterrupts
                0x00102ea0                EnableInterrupts
 *fill*         0x00102ea8        0x8 
 .text          0x00102eb0      0x1a4 build/arm11.o
                0x00102eb0                arm11_start
                0x00103048                arm11_end
                0x00103048                arm11_globals_start
                0x00103054                arm11_globals_end
 .text          0x00103054        0x0 C:/devkitPro/devkitARM/arm-none-eabi/lib\libc.a(lib_a-memcpy-stub.o)
 .text          0x00103054        0x0 C:/devkitPro/devkitARM/arm-none-eabi/lib\libc.a(lib_a-memset.o)
 .text          0x00103054        0x0 C:/devkitPro/devkitARM/arm-none-eabi/lib\libc.a(lib_a-strcpy.o)
 .text          0x00103054        0x0 C:/devkitPro/devkitARM/arm-none-eabi/lib\libc.a(lib_a-strlen-stub.o)
 .text          0x00103054        0x0 C:/devkitPro/devkitARM/arm-none-eabi/lib\libc.a(lib_a-strncpy.o)

.glue_7         0x00103054        0x0
 .glue_7        0x00103054        0x0 linker stubs

.glue_7t        0x00103054        0x0
 .glue_7t       0x00103054        0x0 linker stubs

.vfp11_veneer   0x00103054        0x0
 .vfp11_veneer  0x00103054        0x0 linker stubs

.v4_bx          0x00103054        0x0
 .v4_bx         0x00103054        0x0 linker stubs

.iplt           0x00103054        0x0
 .iplt          0x00103054        0x0 build/crt0.o

.text.startup   0x00103058      0x2d4
 .text.startup  0x00103058      0x2d4 build/main.o
                0x00103058                main

.text.svcControlMemory
                0x0010332c       0x20
 .text.svcControlMemory
                0x0010332c       0x20 build/libctru/svc.o
                0x0010332c                svcControlMemory

.text.svcQueryMemory
                0x0010334c       0x30
 .text.svcQueryMemory
                0x0010334c       0x30 build/libctru/svc.o
                0x0010334c                svcQueryMemory

.text.svcExitProcess
                0x0010337c        0x8
 .text.svcExitProcess
                0x0010337c        0x8 build/libctru/svc.o
                0x0010337c                svcExitProcess

.text.svcGetProcessAffinityMask
                0x00103384        0x8
 .text.svcGetProcessAffinityMask
                0x00103384        0x8 build/libctru/svc.o
                0x00103384                svcGetProcessAffinityMask

.text.svcSetProcessAffinityMask
                0x0010338c        0x8
 .text.svcSetProcessAffinityMask
                0x0010338c        0x8 build/libctru/svc.o
                0x0010338c                svcSetProcessAffinityMask

.text.svcGetProcessIdealProcessor
                0x00103394       0x14
 .text.svcGetProcessIdealProcessor
                0x00103394       0x14 build/libctru/svc.o
                0x00103394                svcGetProcessIdealProcessor

.text.svcSetProcessIdealProcessor
                0x001033a8        0x8
 .text.svcSetProcessIdealProcessor
                0x001033a8        0x8 build/libctru/svc.o
                0x001033a8                svcSetProcessIdealProcessor

.text.svcCreateThread
                0x001033b0       0x20
 .text.svcCreateThread
                0x001033b0       0x20 build/libctru/svc.o
                0x001033b0                svcCreateThread

.text.svcExitThread
                0x001033d0        0x8
 .text.svcExitThread
                0x001033d0        0x8 build/libctru/svc.o
                0x001033d0                svcExitThread

.text.svcSleepThread
                0x001033d8        0x8
 .text.svcSleepThread
                0x001033d8        0x8 build/libctru/svc.o
                0x001033d8                svcSleepThread

.text.svcGetThreadPriority
                0x001033e0       0x14
 .text.svcGetThreadPriority
                0x001033e0       0x14 build/libctru/svc.o
                0x001033e0                svcGetThreadPriority

.text.svcSetThreadPriority
                0x001033f4        0x8
 .text.svcSetThreadPriority
                0x001033f4        0x8 build/libctru/svc.o
                0x001033f4                svcSetThreadPriority

.text.svcGetThreadAffinityMask
                0x001033fc        0x8
 .text.svcGetThreadAffinityMask
                0x001033fc        0x8 build/libctru/svc.o
                0x001033fc                svcGetThreadAffinityMask

.text.svcSetThreadAffinityMask
                0x00103404        0x8
 .text.svcSetThreadAffinityMask
                0x00103404        0x8 build/libctru/svc.o
                0x00103404                svcSetThreadAffinityMask

.text.svcGetThreadIdealProcessor
                0x0010340c       0x14
 .text.svcGetThreadIdealProcessor
                0x0010340c       0x14 build/libctru/svc.o
                0x0010340c                svcGetThreadIdealProcessor

.text.svcSetThreadIdealProcessor
                0x00103420        0x8
 .text.svcSetThreadIdealProcessor
                0x00103420        0x8 build/libctru/svc.o
                0x00103420                svcSetThreadIdealProcessor

.text.svcGetProcessorID
                0x00103428        0x8
 .text.svcGetProcessorID
                0x00103428        0x8 build/libctru/svc.o
                0x00103428                svcGetProcessorID

.text.svcRun    0x00103430       0x24
 .text.svcRun   0x00103430       0x24 build/libctru/svc.o
                0x00103430                svcRun

.text.svcCreateMutex
                0x00103454       0x14
 .text.svcCreateMutex
                0x00103454       0x14 build/libctru/svc.o
                0x00103454                svcCreateMutex

.text.svcReleaseMutex
                0x00103468        0x8
 .text.svcReleaseMutex
                0x00103468        0x8 build/libctru/svc.o
                0x00103468                svcReleaseMutex

.text.svcCreateSemaphore
                0x00103470       0x14
 .text.svcCreateSemaphore
                0x00103470       0x14 build/libctru/svc.o
                0x00103470                svcCreateSemaphore

.text.svcReleaseSemaphore
                0x00103484       0x14
 .text.svcReleaseSemaphore
                0x00103484       0x14 build/libctru/svc.o
                0x00103484                svcReleaseSemaphore

.text.svcCreateEvent
                0x00103498       0x14
 .text.svcCreateEvent
                0x00103498       0x14 build/libctru/svc.o
                0x00103498                svcCreateEvent

.text.svcSignalEvent
                0x001034ac        0x8
 .text.svcSignalEvent
                0x001034ac        0x8 build/libctru/svc.o
                0x001034ac                svcSignalEvent

.text.svcClearEvent
                0x001034b4        0x8
 .text.svcClearEvent
                0x001034b4        0x8 build/libctru/svc.o
                0x001034b4                svcClearEvent

.text.svcCreateTimer
                0x001034bc       0x14
 .text.svcCreateTimer
                0x001034bc       0x14 build/libctru/svc.o
                0x001034bc                svcCreateTimer

.text.svcSetTimer
                0x001034d0       0x18
 .text.svcSetTimer
                0x001034d0       0x18 build/libctru/svc.o
                0x001034d0                svcSetTimer

.text.svcCancelTimer
                0x001034e8        0x8
 .text.svcCancelTimer
                0x001034e8        0x8 build/libctru/svc.o
                0x001034e8                svcCancelTimer

.text.svcClearTimer
                0x001034f0        0x8
 .text.svcClearTimer
                0x001034f0        0x8 build/libctru/svc.o
                0x001034f0                svcClearTimer

.text.svcCreateMemoryBlock
                0x001034f8       0x18
 .text.svcCreateMemoryBlock
                0x001034f8       0x18 build/libctru/svc.o
                0x001034f8                svcCreateMemoryBlock

.text.svcMapMemoryBlock
                0x00103510        0x8
 .text.svcMapMemoryBlock
                0x00103510        0x8 build/libctru/svc.o
                0x00103510                svcMapMemoryBlock

.text.svcUnmapMemoryBlock
                0x00103518        0x8
 .text.svcUnmapMemoryBlock
                0x00103518        0x8 build/libctru/svc.o
                0x00103518                svcUnmapMemoryBlock

.text.svcCreateAddressArbiter
                0x00103520       0x14
 .text.svcCreateAddressArbiter
                0x00103520       0x14 build/libctru/svc.o
                0x00103520                svcCreateAddressArbiter

.text.svcArbitrateAddress
                0x00103534       0x18
 .text.svcArbitrateAddress
                0x00103534       0x18 build/libctru/svc.o
                0x00103534                svcArbitrateAddress

.text.svcCloseHandle
                0x0010354c        0x8
 .text.svcCloseHandle
                0x0010354c        0x8 build/libctru/svc.o
                0x0010354c                svcCloseHandle

.text.svcWaitSynchronization
                0x00103554        0x8
 .text.svcWaitSynchronization
                0x00103554        0x8 build/libctru/svc.o
                0x00103554                svcWaitSynchronization

.text.svcWaitSynchronizationN
                0x0010355c       0x28
 .text.svcWaitSynchronizationN
                0x0010355c       0x28 build/libctru/svc.o
                0x0010355c                svcWaitSynchronizationN

.text.svcDuplicateHandle
                0x00103584       0x14
 .text.svcDuplicateHandle
                0x00103584       0x14 build/libctru/svc.o
                0x00103584                svcDuplicateHandle

.text.svcGetSystemTick
                0x00103598        0x8
 .text.svcGetSystemTick
                0x00103598        0x8 build/libctru/svc.o
                0x00103598                svcGetSystemTick

.text.svcGetHandleInfo
                0x001035a0       0x18
 .text.svcGetHandleInfo
                0x001035a0       0x18 build/libctru/svc.o
                0x001035a0                svcGetHandleInfo

.text.svcGetSystemInfo
                0x001035b8       0x18
 .text.svcGetSystemInfo
                0x001035b8       0x18 build/libctru/svc.o
                0x001035b8                svcGetSystemInfo

.text.svcGetProcessInfo
                0x001035d0       0x18
 .text.svcGetProcessInfo
                0x001035d0       0x18 build/libctru/svc.o
                0x001035d0                svcGetProcessInfo

.text.svcGetThreadInfo
                0x001035e8       0x18
 .text.svcGetThreadInfo
                0x001035e8       0x18 build/libctru/svc.o
                0x001035e8                svcGetThreadInfo

.text.svcConnectToPort
                0x00103600       0x14
 .text.svcConnectToPort
                0x00103600       0x14 build/libctru/svc.o
                0x00103600                svcConnectToPort

.text.svcSendSyncRequest
                0x00103614        0x8
 .text.svcSendSyncRequest
                0x00103614        0x8 build/libctru/svc.o
                0x00103614                svcSendSyncRequest

.text.svcOpenProcess
                0x0010361c       0x14
 .text.svcOpenProcess
                0x0010361c       0x14 build/libctru/svc.o
                0x0010361c                svcOpenProcess

.text.svcOpenThread
                0x00103630       0x14
 .text.svcOpenThread
                0x00103630       0x14 build/libctru/svc.o
                0x00103630                svcOpenThread

.text.svcGetProcessId
                0x00103644       0x14
 .text.svcGetProcessId
                0x00103644       0x14 build/libctru/svc.o
                0x00103644                svcGetProcessId

.text.svcGetProcessIdOfThread
                0x00103658       0x14
 .text.svcGetProcessIdOfThread
                0x00103658       0x14 build/libctru/svc.o
                0x00103658                svcGetProcessIdOfThread

.text.svcGetThreadId
                0x0010366c       0x14
 .text.svcGetThreadId
                0x0010366c       0x14 build/libctru/svc.o
                0x0010366c                svcGetThreadId

.text.svcGetResourceLimit
                0x00103680       0x14
 .text.svcGetResourceLimit
                0x00103680       0x14 build/libctru/svc.o
                0x00103680                svcGetResourceLimit

.text.svcGetResourceLimitLimitValues
                0x00103694        0x8
 .text.svcGetResourceLimitLimitValues
                0x00103694        0x8 build/libctru/svc.o
                0x00103694                svcGetResourceLimitLimitValues

.text.svcGetResourceLimitCurrentValues
                0x0010369c        0x8
 .text.svcGetResourceLimitCurrentValues
                0x0010369c        0x8 build/libctru/svc.o
                0x0010369c                svcGetResourceLimitCurrentValues

.text.svcBreak  0x001036a4        0x8
 .text.svcBreak
                0x001036a4        0x8 build/libctru/svc.o
                0x001036a4                svcBreak

.text.svcOutputDebugString
                0x001036ac        0x8
 .text.svcOutputDebugString
                0x001036ac        0x8 build/libctru/svc.o
                0x001036ac                svcOutputDebugString

.text.svcCreatePort
                0x001036b4       0x20
 .text.svcCreatePort
                0x001036b4       0x20 build/libctru/svc.o
                0x001036b4                svcCreatePort

.text.svcCreateSessionToPort
                0x001036d4       0x14
 .text.svcCreateSessionToPort
                0x001036d4       0x14 build/libctru/svc.o
                0x001036d4                svcCreateSessionToPort

.text.svcCreateSession
                0x001036e8       0x20
 .text.svcCreateSession
                0x001036e8       0x20 build/libctru/svc.o
                0x001036e8                svcCreateSession

.text.svcAcceptSession
                0x00103708       0x18
 .text.svcAcceptSession
                0x00103708       0x18 build/libctru/svc.o
                0x00103708                svcAcceptSession

.text.svcReplyAndReceive
                0x00103720       0x18
 .text.svcReplyAndReceive
                0x00103720       0x18 build/libctru/svc.o
                0x00103720                svcReplyAndReceive

.text.svcBindInterrupt
                0x00103738        0x8
 .text.svcBindInterrupt
                0x00103738        0x8 build/libctru/svc.o
                0x00103738                svcBindInterrupt

.text.svcUnbindInterrupt
                0x00103740        0x8
 .text.svcUnbindInterrupt
                0x00103740        0x8 build/libctru/svc.o
                0x00103740                svcUnbindInterrupt

.text.svcInvalidateProcessDataCache
                0x00103748        0x8
 .text.svcInvalidateProcessDataCache
                0x00103748        0x8 build/libctru/svc.o
                0x00103748                svcInvalidateProcessDataCache

.text.svcStoreProcessDataCache
                0x00103750        0x8
 .text.svcStoreProcessDataCache
                0x00103750        0x8 build/libctru/svc.o
                0x00103750                svcStoreProcessDataCache

.text.svcFlushProcessDataCache
                0x00103758        0x8
 .text.svcFlushProcessDataCache
                0x00103758        0x8 build/libctru/svc.o
                0x00103758                svcFlushProcessDataCache

.text.svcStartInterProcessDma
                0x00103760       0x20
 .text.svcStartInterProcessDma
                0x00103760       0x20 build/libctru/svc.o
                0x00103760                svcStartInterProcessDma

.text.svcStopDma
                0x00103780        0x8
 .text.svcStopDma
                0x00103780        0x8 build/libctru/svc.o
                0x00103780                svcStopDma

.text.svcGetDmaState
                0x00103788       0x14
 .text.svcGetDmaState
                0x00103788       0x14 build/libctru/svc.o
                0x00103788                svcGetDmaState

.text.svcSetGpuProt
                0x0010379c        0x8
 .text.svcSetGpuProt
                0x0010379c        0x8 build/libctru/svc.o
                0x0010379c                svcSetGpuProt

.text.svcSetWifiEnabled
                0x001037a4        0x8
 .text.svcSetWifiEnabled
                0x001037a4        0x8 build/libctru/svc.o
                0x001037a4                svcSetWifiEnabled

.text.svcDebugActiveProcess
                0x001037ac       0x14
 .text.svcDebugActiveProcess
                0x001037ac       0x14 build/libctru/svc.o
                0x001037ac                svcDebugActiveProcess

.text.svcBreakDebugProcess
                0x001037c0        0x8
 .text.svcBreakDebugProcess
                0x001037c0        0x8 build/libctru/svc.o
                0x001037c0                svcBreakDebugProcess

.text.svcTerminateDebugProcess
                0x001037c8        0x8
 .text.svcTerminateDebugProcess
                0x001037c8        0x8 build/libctru/svc.o
                0x001037c8                svcTerminateDebugProcess

.text.svcGetProcessDebugEvent
                0x001037d0        0x8
 .text.svcGetProcessDebugEvent
                0x001037d0        0x8 build/libctru/svc.o
                0x001037d0                svcGetProcessDebugEvent

.text.svcContinueDebugEvent
                0x001037d8        0x8
 .text.svcContinueDebugEvent
                0x001037d8        0x8 build/libctru/svc.o
                0x001037d8                svcContinueDebugEvent

.text.svcGetProcessList
                0x001037e0       0x14
 .text.svcGetProcessList
                0x001037e0       0x14 build/libctru/svc.o
                0x001037e0                svcGetProcessList

.text.svcGetThreadList
                0x001037f4       0x14
 .text.svcGetThreadList
                0x001037f4       0x14 build/libctru/svc.o
                0x001037f4                svcGetThreadList

.text.svcGetDebugThreadContext
                0x00103808        0x8
 .text.svcGetDebugThreadContext
                0x00103808        0x8 build/libctru/svc.o
                0x00103808                svcGetDebugThreadContext

.text.svcSetDebugThreadContext
                0x00103810        0x8
 .text.svcSetDebugThreadContext
                0x00103810        0x8 build/libctru/svc.o
                0x00103810                svcSetDebugThreadContext

.text.svcQueryDebugProcessMemory
                0x00103818       0x24
 .text.svcQueryDebugProcessMemory
                0x00103818       0x24 build/libctru/svc.o
                0x00103818                svcQueryDebugProcessMemory

.text.svcReadProcessMemory
                0x0010383c        0x8
 .text.svcReadProcessMemory
                0x0010383c        0x8 build/libctru/svc.o
                0x0010383c                svcReadProcessMemory

.text.svcWriteProcessMemory
                0x00103844        0x8
 .text.svcWriteProcessMemory
                0x00103844        0x8 build/libctru/svc.o
                0x00103844                svcWriteProcessMemory

.text.svcSetHardwareBreakPoint
                0x0010384c        0x8
 .text.svcSetHardwareBreakPoint
                0x0010384c        0x8 build/libctru/svc.o
                0x0010384c                svcSetHardwareBreakPoint

.text.svcGetDebugThreadParam
                0x00103854       0x20
 .text.svcGetDebugThreadParam
                0x00103854       0x20 build/libctru/svc.o
                0x00103854                svcGetDebugThreadParam

.text.svcControlProcessMemory
                0x00103874       0x18
 .text.svcControlProcessMemory
                0x00103874       0x18 build/libctru/svc.o
                0x00103874                svcControlProcessMemory

.text.svcMapProcessMemory
                0x0010388c        0x8
 .text.svcMapProcessMemory
                0x0010388c        0x8 build/libctru/svc.o
                0x0010388c                svcMapProcessMemory

.text.svcUnmapProcessMemory
                0x00103894        0x8
 .text.svcUnmapProcessMemory
                0x00103894        0x8 build/libctru/svc.o
                0x00103894                svcUnmapProcessMemory

.text.svcCreateCodeSet
                0x0010389c       0x1c
 .text.svcCreateCodeSet
                0x0010389c       0x1c build/libctru/svc.o
                0x0010389c                svcCreateCodeSet

.text.svcCreateProcess
                0x001038b8       0x18
 .text.svcCreateProcess
                0x001038b8       0x18 build/libctru/svc.o
                0x001038b8                svcCreateProcess

.text.svcTerminateProcess
                0x001038d0        0x8
 .text.svcTerminateProcess
                0x001038d0        0x8 build/libctru/svc.o
                0x001038d0                svcTerminateProcess

.text.svcSetProcessResourceLimits
                0x001038d8        0x8
 .text.svcSetProcessResourceLimits
                0x001038d8        0x8 build/libctru/svc.o
                0x001038d8                svcSetProcessResourceLimits

.text.svcCreateResourceLimits
                0x001038e0       0x14
 .text.svcCreateResourceLimits
                0x001038e0       0x14 build/libctru/svc.o
                0x001038e0                svcCreateResourceLimits

.text.svcSetResourceLimitValues
                0x001038f4        0x8
 .text.svcSetResourceLimitValues
                0x001038f4        0x8 build/libctru/svc.o
                0x001038f4                svcSetResourceLimitValues

.text.svcBackdoor
                0x001038fc        0x8
 .text.svcBackdoor
                0x001038fc        0x8 build/libctru/svc.o
                0x001038fc                svcBackdoor

.text.svcKernelSetState
                0x00103904        0x8
 .text.svcKernelSetState
                0x00103904        0x8 build/libctru/svc.o
                0x00103904                svcKernelSetState

.text.svcQueryProcessMemory
                0x0010390c       0x24
 .text.svcQueryProcessMemory
                0x0010390c       0x24 build/libctru/svc.o
                0x0010390c                svcQueryProcessMemory

.text.memcpy    0x00103930      0x110
 .text.memcpy   0x00103930      0x110 C:/devkitPro/devkitARM/arm-none-eabi/lib\libc.a(lib_a-memcpy-stub.o)
                0x00103930                memcpy

.text.memset    0x00103a40      0x114
 .text.memset   0x00103a40      0x114 C:/devkitPro/devkitARM/arm-none-eabi/lib\libc.a(lib_a-memset.o)
                0x00103a40                memset

.text.strcpy    0x00103b54       0xf0
 .text.strcpy   0x00103b54       0xf0 C:/devkitPro/devkitARM/arm-none-eabi/lib\libc.a(lib_a-strcpy.o)
                0x00103b54                strcpy

.text.strlen    0x00103c44       0x60
 .text.strlen   0x00103c44       0x60 C:/devkitPro/devkitARM/arm-none-eabi/lib\libc.a(lib_a-strlen-stub.o)
                0x00103c44                strlen

.text.strncpy   0x00103ca4       0xe0
 .text.strncpy  0x00103ca4       0xe0 C:/devkitPro/devkitARM/arm-none-eabi/lib\libc.a(lib_a-strncpy.o)
                0x00103ca4                strncpy

.rodata         0x00103d84      0x4cc
 *(.rodata)
 .rodata        0x00103d84       0x2c build/libctru/os.o
 .rodata        0x00103db0       0x1c build/main.o
                0x00103db0                hexTable
                0x00103dc0                aptServiceNames
 .rodata        0x00103dcc      0x2f4 build/font.o
                0x00103dcc                font_bin
 *(.roda)
 *(.rodata.*)
 .rodata.str1.1
                0x001040c0        0x8 build/libctru/fs.o
 .rodata.str1.1
                0x001040c8        0x5 build/libctru/srv.o
 .rodata.str1.1
                0x001040cd       0xad build/libctru/os.o
 .rodata.str1.1
                0x0010417a        0x7 build/libctru/pm.o
 .rodata.str1.1
                0x00104181        0x7 build/brahma.o
                                  0x1 (size before relaxing)
 .rodata.str1.1
                0x00104181       0xcc build/main.o
                                 0xcd (size before relaxing)
 *all.rodata*(*)
 *(.gnu.linkonce.r*)
                0x00104250                . = ALIGN (0x4)
 *fill*         0x0010424d        0x3 

.rel.dyn        0x00103d84        0x0 load address 0x00104250
 .rel.iplt      0x00103d84        0x0 build/crt0.o

.data           0x00104250        0x0
 .data          0x00104250        0x0 build/crt0.o
 .data          0x00104250        0x0 build/libctru/fs.o
 .data          0x00104250        0x0 build/libctru/srv.o
 .data          0x00104250        0x0 build/libctru/os.o
 .data          0x00104250        0x0 build/libctru/pm.o
 .data          0x00104250        0x0 build/brahma.o
 .data          0x00104250        0x0 build/main.o
 .data          0x00104250        0x0 build/font.o
 .data          0x00104250        0x0 build/text.o
 .data          0x00104250        0x0 build/memchunkhax.o
 .data          0x00104250        0x0 build/gspgpu.o
 .data          0x00104250        0x0 build/libctru/svc.o
 .data          0x00104250        0x0 build/utils.o
 .data          0x00104250        0x0 build/arm11.o
 .data          0x00104250        0x0 C:/devkitPro/devkitARM/arm-none-eabi/lib\libc.a(lib_a-memcpy-stub.o)
 .data          0x00104250        0x0 C:/devkitPro/devkitARM/arm-none-eabi/lib\libc.a(lib_a-memset.o)
 .data          0x00104250        0x0 C:/devkitPro/devkitARM/arm-none-eabi/lib\libc.a(lib_a-strcpy.o)
 .data          0x00104250        0x0 C:/devkitPro/devkitARM/arm-none-eabi/lib\libc.a(lib_a-strlen-stub.o)
 .data          0x00104250        0x0 C:/devkitPro/devkitARM/arm-none-eabi/lib\libc.a(lib_a-strncpy.o)

.igot.plt       0x00104250        0x0
 .igot.plt      0x00104250        0x0 build/crt0.o

.bss            0x08000000       0xa5
                0x08000000                _bss_start = .
 *(.bss)
 .bss           0x08000000        0x0 build/crt0.o
 .bss           0x08000000        0x0 build/libctru/fs.o
 .bss           0x08000000        0x0 build/libctru/srv.o
 .bss           0x08000000        0x0 build/libctru/os.o
 .bss           0x08000000        0x0 build/libctru/pm.o
 .bss           0x08000000       0x3c build/brahma.o
 .bss           0x0800003c        0x0 build/main.o
 .bss           0x0800003c        0x0 build/font.o
 .bss           0x0800003c        0x0 build/text.o
 .bss           0x0800003c        0x0 build/memchunkhax.o
 .bss           0x0800003c        0x0 build/gspgpu.o
 .bss           0x0800003c        0x0 build/libctru/svc.o
 .bss           0x0800003c        0x0 build/utils.o
 .bss           0x0800003c        0x0 build/arm11.o
 .bss           0x0800003c        0x0 C:/devkitPro/devkitARM/arm-none-eabi/lib\libc.a(lib_a-memcpy-stub.o)
 .bss           0x0800003c        0x0 C:/devkitPro/devkitARM/arm-none-eabi/lib\libc.a(lib_a-memset.o)
 .bss           0x0800003c        0x0 C:/devkitPro/devkitARM/arm-none-eabi/lib\libc.a(lib_a-strcpy.o)
 .bss           0x0800003c        0x0 C:/devkitPro/devkitARM/arm-none-eabi/lib\libc.a(lib_a-strlen-stub.o)
 .bss           0x0800003c        0x0 C:/devkitPro/devkitARM/arm-none-eabi/lib\libc.a(lib_a-strncpy.o)
 COMMON         0x0800003c        0x4 build/libctru/srv.o
                0x0800003c                srvHandle
 COMMON         0x08000040        0x4 build/libctru/pm.o
                0x08000040                pmHandle
 *fill*         0x08000044        0x4 
 COMMON         0x08000048       0x58 build/brahma.o
                0x08000048                back_value
                0x08000050                g_ext_arm9_size
                0x08000058                bottomFramebufferInfo
                0x08000074                fb
                0x08000080                topFramebufferInfo
                0x0800009c                g_ext_arm9_buf
 COMMON         0x080000a0        0x5 build/main.o
                0x080000a0                test_result
                0x080000a4                g_is_new3ds
                0x080000a5                _bss_end = .
LOAD build/libctru/fs.o
LOAD build/libctru/srv.o
LOAD build/libctru/os.o
LOAD build/libctru/pm.o
LOAD build/brahma.o
LOAD build/main.o
LOAD build/font.o
LOAD build/text.o
LOAD build/memchunkhax.o
LOAD build/gspgpu.o
LOAD build/libctru/svc.o
LOAD build/utils.o
LOAD build/arm11.o
LOAD C:/devkitPro/devkitARM/arm-none-eabi/lib\libm.a
LOAD C:/devkitPro/devkitARM/arm-none-eabi/lib\libc.a
OUTPUT(otherapp.elf elf32-littlearm)

.ARM.attributes
                0x00000000       0x27
 .ARM.attributes
                0x00000000       0x19 build/crt0.o
 .ARM.attributes
                0x00000019       0x2b build/libctru/fs.o
 .ARM.attributes
                0x00000044       0x2b build/libctru/srv.o
 .ARM.attributes
                0x0000006f       0x2b build/libctru/os.o
 .ARM.attributes
                0x0000009a       0x2b build/libctru/pm.o
 .ARM.attributes
                0x000000c5       0x2b build/brahma.o
 .ARM.attributes
                0x000000f0       0x2b build/main.o
 .ARM.attributes
                0x0000011b       0x2b build/font.o
 .ARM.attributes
                0x00000146       0x2b build/text.o
 .ARM.attributes
                0x00000171       0x2b build/memchunkhax.o
 .ARM.attributes
                0x0000019c       0x2b build/gspgpu.o
 .ARM.attributes
                0x000001c7       0x19 build/libctru/svc.o
 .ARM.attributes
                0x000001e0       0x19 build/utils.o
 .ARM.attributes
                0x000001f9       0x19 build/arm11.o
 .ARM.attributes
                0x00000212       0x30 C:/devkitPro/devkitARM/arm-none-eabi/lib\libc.a(lib_a-memcpy-stub.o)
 .ARM.attributes
                0x00000242       0x30 C:/devkitPro/devkitARM/arm-none-eabi/lib\libc.a(lib_a-memset.o)
 .ARM.attributes
                0x00000272       0x30 C:/devkitPro/devkitARM/arm-none-eabi/lib\libc.a(lib_a-strcpy.o)
 .ARM.attributes
                0x000002a2       0x30 C:/devkitPro/devkitARM/arm-none-eabi/lib\libc.a(lib_a-strlen-stub.o)
 .ARM.attributes
                0x000002d2       0x30 C:/devkitPro/devkitARM/arm-none-eabi/lib\libc.a(lib_a-strncpy.o)

.comment        0x00000000       0x22
 .comment       0x00000000       0x22 build/libctru/fs.o
                                 0x23 (size before relaxing)
 .comment       0x00000022       0x23 build/libctru/srv.o
 .comment       0x00000022       0x23 build/libctru/os.o
 .comment       0x00000022       0x23 build/libctru/pm.o
 .comment       0x00000022       0x23 build/brahma.o
 .comment       0x00000022       0x23 build/main.o
 .comment       0x00000022       0x23 build/font.o
 .comment       0x00000022       0x23 build/text.o
 .comment       0x00000022       0x23 build/memchunkhax.o
 .comment       0x00000022       0x23 build/gspgpu.o
 .comment       0x00000022       0x23 C:/devkitPro/devkitARM/arm-none-eabi/lib\libc.a(lib_a-memcpy-stub.o)
 .comment       0x00000022       0x23 C:/devkitPro/devkitARM/arm-none-eabi/lib\libc.a(lib_a-memset.o)
 .comment       0x00000022       0x23 C:/devkitPro/devkitARM/arm-none-eabi/lib\libc.a(lib_a-strcpy.o)
 .comment       0x00000022       0x23 C:/devkitPro/devkitARM/arm-none-eabi/lib\libc.a(lib_a-strlen-stub.o)
 .comment       0x00000022       0x23 C:/devkitPro/devkitARM/arm-none-eabi/lib\libc.a(lib_a-strncpy.o)
